// Jest Snapshot v1, https://goo.gl/fbAQLP

exports[`<AccountModal /> renders AccountModal correctly 1`] = `
<Modal
  ariaHideApp={true}
  bodyOpenClassName="ReactModal__Body--open"
  className="account-modal"
  closeTimeoutMS={0}
  isOpen={true}
  parentSelector={[Function]}
  portalClassName="ReactModalPortal"
  shouldCloseOnEsc={true}
  shouldCloseOnOverlayClick={true}
  shouldFocusAfterRender={true}
  shouldReturnFocusAfterClose={true}
>
  <form
    action="/api/user"
    className="form"
    method="POST"
  >
    <h1>
      Edit Account
    </h1>
    <TextField
      disabled={false}
      floatingLabelFixed={false}
      floatingLabelText="E-mail"
      fullWidth={false}
      hintText="Enter E-mail"
      id="email"
      multiLine={false}
      name="email"
      onChange={[Function]}
      rows={1}
      type="text"
      underlineShow={true}
      value="john@mail.com"
    />
    <br />
    <TextField
      disabled={false}
      floatingLabelFixed={false}
      floatingLabelText="Address"
      fullWidth={false}
      hintText="Enter Address"
      id="address"
      multiLine={false}
      name="address"
      onChange={[Function]}
      rows={1}
      type="text"
      underlineShow={true}
      value="1st street"
    />
    <br />
    <TextField
      disabled={false}
      floatingLabelFixed={false}
      floatingLabelText="Telephone Number"
      fullWidth={false}
      hintText="Enter Telephone Number"
      id="phone"
      multiLine={false}
      name="phone"
      onChange={[Function]}
      rows={1}
      type="text"
      underlineShow={true}
      value="123 456"
    />
    <br />
    <RaisedButton
      className="btn"
      disabled={false}
      fullWidth={false}
      label="Save"
      labelPosition="after"
      primary={true}
      secondary={false}
      type="submit"
    />
  </form>
</Modal>
`;
