// Jest Snapshot v1, https://goo.gl/fbAQLP

exports[`<FiltersList /> renders FiltersList correctly 1`] = `
<div
  className="filtersList"
>
  <List>
    <Subheader
      className="subheader"
      inset={false}
    >
      Search by:
    </Subheader>
    <ListItem
      autoGenerateNestedIndicator={true}
      className="listItem"
      containerElement="span"
      disableKeyboardFocus={false}
      disabled={false}
      initiallyOpen={false}
      insetChildren={false}
      nestedItems={
        Array [
          <Checkbox
            className="checkbox"
            disabled={false}
            label="< $250"
            labelPosition="right"
            name="priceRange"
            onCheck={[Function]}
            value="<250"
          />,
          <Checkbox
            className="checkbox"
            disabled={false}
            label="$250 - $500"
            labelPosition="right"
            name="priceRange"
            onCheck={[Function]}
            value="250-500"
          />,
          <Checkbox
            className="checkbox"
            disabled={false}
            label="$500 - $750"
            labelPosition="right"
            name="priceRange"
            onCheck={[Function]}
            value="500-750"
          />,
          <Checkbox
            className="checkbox"
            disabled={false}
            label="$750 >"
            labelPosition="right"
            name="priceRange"
            onCheck={[Function]}
            value="750>"
          />,
        ]
      }
      nestedLevel={0}
      onKeyboardFocus={[Function]}
      onMouseEnter={[Function]}
      onMouseLeave={[Function]}
      onNestedListToggle={[Function]}
      onTouchEnd={[Function]}
      onTouchStart={[Function]}
      open={null}
      primaryText="Price"
      primaryTogglesNestedList={true}
      secondaryTextLines={1}
    />
    <ListItem
      autoGenerateNestedIndicator={true}
      className="listItem"
      containerElement="span"
      disableKeyboardFocus={false}
      disabled={false}
      initiallyOpen={false}
      insetChildren={false}
      nestedItems={
        Array [
          <Checkbox
            className="checkbox"
            disabled={false}
            label="Samsung"
            labelPosition="right"
            name="brand"
            onCheck={[Function]}
            value="samsung"
          />,
          <Checkbox
            className="checkbox"
            disabled={false}
            label="Apple"
            labelPosition="right"
            name="brand"
            onCheck={[Function]}
            value="apple"
          />,
          <Checkbox
            className="checkbox"
            disabled={false}
            label="Huawei"
            labelPosition="right"
            name="brand"
            onCheck={[Function]}
            value="huawei"
          />,
          <Checkbox
            className="checkbox"
            disabled={false}
            label="LG"
            labelPosition="right"
            name="brand"
            onCheck={[Function]}
            value="lg"
          />,
          <Checkbox
            className="checkbox"
            disabled={false}
            label="HTC"
            labelPosition="right"
            name="brand"
            onCheck={[Function]}
            value="htc"
          />,
        ]
      }
      nestedLevel={0}
      onKeyboardFocus={[Function]}
      onMouseEnter={[Function]}
      onMouseLeave={[Function]}
      onNestedListToggle={[Function]}
      onTouchEnd={[Function]}
      onTouchStart={[Function]}
      open={null}
      primaryText="Brand"
      primaryTogglesNestedList={true}
      secondaryTextLines={1}
    />
    <ListItem
      autoGenerateNestedIndicator={true}
      className="listItem"
      containerElement="span"
      disableKeyboardFocus={false}
      disabled={false}
      initiallyOpen={false}
      insetChildren={false}
      nestedItems={
        Array [
          <Checkbox
            className="checkbox"
            disabled={false}
            label="Black"
            labelPosition="right"
            name="color"
            onCheck={[Function]}
            value="black"
          />,
          <Checkbox
            className="checkbox"
            disabled={false}
            label="White"
            labelPosition="right"
            name="color"
            onCheck={[Function]}
            value="white"
          />,
          <Checkbox
            className="checkbox"
            disabled={false}
            label="Grey"
            labelPosition="right"
            name="color"
            onCheck={[Function]}
            value="grey"
          />,
        ]
      }
      nestedLevel={0}
      onKeyboardFocus={[Function]}
      onMouseEnter={[Function]}
      onMouseLeave={[Function]}
      onNestedListToggle={[Function]}
      onTouchEnd={[Function]}
      onTouchStart={[Function]}
      open={null}
      primaryText="Color"
      primaryTogglesNestedList={true}
      secondaryTextLines={1}
    />
    <ListItem
      autoGenerateNestedIndicator={true}
      className="listItem"
      containerElement="span"
      disableKeyboardFocus={false}
      disabled={false}
      initiallyOpen={false}
      insetChildren={false}
      nestedItems={
        Array [
          <Checkbox
            className="checkbox"
            disabled={false}
            label="Android"
            labelPosition="right"
            name="os"
            onCheck={[Function]}
            value="android"
          />,
          <Checkbox
            className="checkbox"
            disabled={false}
            label="iOS"
            labelPosition="right"
            name="os"
            onCheck={[Function]}
            value="ios"
          />,
        ]
      }
      nestedLevel={0}
      onKeyboardFocus={[Function]}
      onMouseEnter={[Function]}
      onMouseLeave={[Function]}
      onNestedListToggle={[Function]}
      onTouchEnd={[Function]}
      onTouchStart={[Function]}
      open={null}
      primaryText="OS"
      primaryTogglesNestedList={true}
      secondaryTextLines={1}
    />
    <ListItem
      autoGenerateNestedIndicator={true}
      className="listItem"
      containerElement="span"
      disableKeyboardFocus={false}
      disabled={false}
      initiallyOpen={false}
      insetChildren={false}
      nestedItems={
        Array [
          <Checkbox
            className="checkbox"
            disabled={false}
            label="16GB"
            labelPosition="right"
            name="internalMemory"
            onCheck={[Function]}
            value="16"
          />,
          <Checkbox
            className="checkbox"
            disabled={false}
            label="64GB"
            labelPosition="right"
            name="internalMemory"
            onCheck={[Function]}
            value="64"
          />,
          <Checkbox
            className="checkbox"
            disabled={false}
            label="128GB"
            labelPosition="right"
            name="internalMemory"
            onCheck={[Function]}
            value="128"
          />,
          <Checkbox
            className="checkbox"
            disabled={false}
            label="256GB"
            labelPosition="right"
            name="internalMemory"
            onCheck={[Function]}
            value="256"
          />,
        ]
      }
      nestedLevel={0}
      onKeyboardFocus={[Function]}
      onMouseEnter={[Function]}
      onMouseLeave={[Function]}
      onNestedListToggle={[Function]}
      onTouchEnd={[Function]}
      onTouchStart={[Function]}
      open={null}
      primaryText="Internal memory"
      primaryTogglesNestedList={true}
      secondaryTextLines={1}
    />
    <ListItem
      autoGenerateNestedIndicator={true}
      className="listItem"
      containerElement="span"
      disableKeyboardFocus={false}
      disabled={false}
      initiallyOpen={false}
      insetChildren={false}
      nestedItems={
        Array [
          <Checkbox
            className="checkbox"
            disabled={false}
            label="1GB"
            labelPosition="right"
            name="ram"
            onCheck={[Function]}
            value="1"
          />,
          <Checkbox
            className="checkbox"
            disabled={false}
            label="3GB"
            labelPosition="right"
            name="ram"
            onCheck={[Function]}
            value="3"
          />,
          <Checkbox
            className="checkbox"
            disabled={false}
            label="4GB"
            labelPosition="right"
            name="ram"
            onCheck={[Function]}
            value="4"
          />,
          <Checkbox
            className="checkbox"
            disabled={false}
            label="6GB"
            labelPosition="right"
            name="ram"
            onCheck={[Function]}
            value="6"
          />,
        ]
      }
      nestedLevel={0}
      onKeyboardFocus={[Function]}
      onMouseEnter={[Function]}
      onMouseLeave={[Function]}
      onNestedListToggle={[Function]}
      onTouchEnd={[Function]}
      onTouchStart={[Function]}
      open={null}
      primaryText="RAM"
      primaryTogglesNestedList={true}
      secondaryTextLines={1}
    />
    <ListItem
      autoGenerateNestedIndicator={true}
      className="listItem"
      containerElement="span"
      disableKeyboardFocus={false}
      disabled={false}
      initiallyOpen={false}
      insetChildren={false}
      nestedItems={
        Array [
          <Checkbox
            className="checkbox"
            disabled={false}
            label="4.5''"
            labelPosition="right"
            name="displaySize"
            onCheck={[Function]}
            value="4.5"
          />,
          <Checkbox
            className="checkbox"
            disabled={false}
            label="5.1''"
            labelPosition="right"
            name="displaySize"
            onCheck={[Function]}
            value="5.1"
          />,
          <Checkbox
            className="checkbox"
            disabled={false}
            label="5.5''"
            labelPosition="right"
            name="displaySize"
            onCheck={[Function]}
            value="5.5"
          />,
          <Checkbox
            className="checkbox"
            disabled={false}
            label="5.8''"
            labelPosition="right"
            name="displaySize"
            onCheck={[Function]}
            value="5.8"
          />,
          <Checkbox
            className="checkbox"
            disabled={false}
            label="6.0''"
            labelPosition="right"
            name="displaySize"
            onCheck={[Function]}
            value="6.0"
          />,
          <Checkbox
            className="checkbox"
            disabled={false}
            label="6.3''"
            labelPosition="right"
            name="displaySize"
            onCheck={[Function]}
            value="6.3"
          />,
        ]
      }
      nestedLevel={0}
      onKeyboardFocus={[Function]}
      onMouseEnter={[Function]}
      onMouseLeave={[Function]}
      onNestedListToggle={[Function]}
      onTouchEnd={[Function]}
      onTouchStart={[Function]}
      open={null}
      primaryText="Display size"
      primaryTogglesNestedList={true}
      secondaryTextLines={1}
    />
    <ListItem
      autoGenerateNestedIndicator={true}
      className="listItem"
      containerElement="span"
      disableKeyboardFocus={false}
      disabled={false}
      initiallyOpen={false}
      insetChildren={false}
      nestedItems={
        Array [
          <Checkbox
            className="checkbox"
            disabled={false}
            label="540x960"
            labelPosition="right"
            name="displayResolution"
            onCheck={[Function]}
            value="540x960"
          />,
          <Checkbox
            className="checkbox"
            disabled={false}
            label="1080x1920"
            labelPosition="right"
            name="displayResolution"
            onCheck={[Function]}
            value="1080x1920"
          />,
          <Checkbox
            className="checkbox"
            disabled={false}
            label="1125x2436"
            labelPosition="right"
            name="displayResolution"
            onCheck={[Function]}
            value="1125x2436"
          />,
          <Checkbox
            className="checkbox"
            disabled={false}
            label="1440x2560"
            labelPosition="right"
            name="displayResolution"
            onCheck={[Function]}
            value="1440x2560"
          />,
          <Checkbox
            className="checkbox"
            disabled={false}
            label="1440x2880"
            labelPosition="right"
            name="displayResolution"
            onCheck={[Function]}
            value="1440x2880"
          />,
          <Checkbox
            className="checkbox"
            disabled={false}
            label="1440x2960"
            labelPosition="right"
            name="displayResolution"
            onCheck={[Function]}
            value="1440x2960"
          />,
        ]
      }
      nestedLevel={0}
      onKeyboardFocus={[Function]}
      onMouseEnter={[Function]}
      onMouseLeave={[Function]}
      onNestedListToggle={[Function]}
      onTouchEnd={[Function]}
      onTouchStart={[Function]}
      open={null}
      primaryText="Display resolution"
      primaryTogglesNestedList={true}
      secondaryTextLines={1}
    />
    <ListItem
      autoGenerateNestedIndicator={true}
      className="listItem"
      containerElement="span"
      disableKeyboardFocus={false}
      disabled={false}
      initiallyOpen={false}
      insetChildren={false}
      nestedItems={
        Array [
          <Checkbox
            className="checkbox"
            disabled={false}
            label="8Mpix"
            labelPosition="right"
            name="camera"
            onCheck={[Function]}
            value="8"
          />,
          <Checkbox
            className="checkbox"
            disabled={false}
            label="12Mpix"
            labelPosition="right"
            name="camera"
            onCheck={[Function]}
            value="12"
          />,
          <Checkbox
            className="checkbox"
            disabled={false}
            label="13Mpix"
            labelPosition="right"
            name="camera"
            onCheck={[Function]}
            value="13"
          />,
          <Checkbox
            className="checkbox"
            disabled={false}
            label="16Mpix"
            labelPosition="right"
            name="camera"
            onCheck={[Function]}
            value="16"
          />,
        ]
      }
      nestedLevel={0}
      onKeyboardFocus={[Function]}
      onMouseEnter={[Function]}
      onMouseLeave={[Function]}
      onNestedListToggle={[Function]}
      onTouchEnd={[Function]}
      onTouchStart={[Function]}
      open={null}
      primaryText="Camera"
      primaryTogglesNestedList={true}
      secondaryTextLines={1}
    />
    <ListItem
      autoGenerateNestedIndicator={true}
      className="listItem"
      containerElement="span"
      disableKeyboardFocus={false}
      disabled={false}
      initiallyOpen={false}
      insetChildren={false}
      nestedItems={
        Array [
          <Checkbox
            className="checkbox"
            disabled={false}
            label="Quad Core"
            labelPosition="right"
            name="cpu"
            onCheck={[Function]}
            value="quad_core"
          />,
          <Checkbox
            className="checkbox"
            disabled={false}
            label="Hexa Core"
            labelPosition="right"
            name="cpu"
            onCheck={[Function]}
            value="hexa_core"
          />,
          <Checkbox
            className="checkbox"
            disabled={false}
            label="Octa Core"
            labelPosition="right"
            name="cpu"
            onCheck={[Function]}
            value="octa_core"
          />,
        ]
      }
      nestedLevel={0}
      onKeyboardFocus={[Function]}
      onMouseEnter={[Function]}
      onMouseLeave={[Function]}
      onNestedListToggle={[Function]}
      onTouchEnd={[Function]}
      onTouchStart={[Function]}
      open={null}
      primaryText="CPU"
      primaryTogglesNestedList={true}
      secondaryTextLines={1}
    />
  </List>
</div>
`;
