// Jest Snapshot v1, https://goo.gl/fbAQLP

exports[`<Products /> renders Products correctly 1`] = `
<div
  className="products"
>
  <div
    className="products-handle"
  >
    <div
      className="products-found"
    >
      <span>
        <b>
          Products found: 
        </b>
        3
      </span>
    </div>
    <div
      className="filters"
    >
      <div
        className="set-filters"
      >
        <RaisedButton
          className="btn"
          disabled={false}
          fullWidth={false}
          label="Filter products"
          labelPosition="after"
          onClick={[Function]}
          primary={true}
          secondary={false}
        />
      </div>
      <RaisedButton
        className="btn"
        disabled={false}
        fullWidth={false}
        label="Clear Filters"
        labelPosition="after"
        onClick={[Function]}
        primary={false}
        secondary={true}
      />
    </div>
    <div
      className="products-sort"
    >
      <span>
        <b>
          Sort By:
        </b>
      </span>
      <SelectField
        autoWidth={false}
        className="sort-field"
        disabled={false}
        fullWidth={false}
        multiple={false}
        onChange={[Function]}
        value="Name: A-Z"
      >
        <MenuItem
          anchorOrigin={
            Object {
              "horizontal": "right",
              "vertical": "top",
            }
          }
          checked={false}
          desktop={false}
          disabled={false}
          focusState="none"
          insetChildren={false}
          primaryText="Name: A-Z"
          targetOrigin={
            Object {
              "horizontal": "left",
              "vertical": "top",
            }
          }
          value="Name: A-Z"
        />
        <MenuItem
          anchorOrigin={
            Object {
              "horizontal": "right",
              "vertical": "top",
            }
          }
          checked={false}
          desktop={false}
          disabled={false}
          focusState="none"
          insetChildren={false}
          primaryText="Name: Z-A"
          targetOrigin={
            Object {
              "horizontal": "left",
              "vertical": "top",
            }
          }
          value="Name: Z-A"
        />
        <MenuItem
          anchorOrigin={
            Object {
              "horizontal": "right",
              "vertical": "top",
            }
          }
          checked={false}
          desktop={false}
          disabled={false}
          focusState="none"
          insetChildren={false}
          primaryText="Price: Low to High"
          targetOrigin={
            Object {
              "horizontal": "left",
              "vertical": "top",
            }
          }
          value="Price: Low to High"
        />
        <MenuItem
          anchorOrigin={
            Object {
              "horizontal": "right",
              "vertical": "top",
            }
          }
          checked={false}
          desktop={false}
          disabled={false}
          focusState="none"
          insetChildren={false}
          primaryText="Price: High to Low"
          targetOrigin={
            Object {
              "horizontal": "left",
              "vertical": "top",
            }
          }
          value="Price: High to Low"
        />
      </SelectField>
      <Drawer
        disableSwipeToOpen={false}
        docked={false}
        onRequestChange={[Function]}
        open={false}
        openSecondary={false}
        swipeAreaWidth={30}
        width={200}
        zDepth={2}
      >
        <Connect(FiltersList) />
      </Drawer>
    </div>
  </div>
  <Product
    item={
      Object {
        "info": Object {
          "batery": "Non-removable Li-Ion 2691 mAh battery (10.28 Wh)",
          "camera": "Dual: 12 MP (f/1.8, 28mm, OIS) + 12 MP (f/2.8, 57mm)",
          "color": "White",
          "cpu": "Hexa-core (2x Monsoon + 4x Mistral)",
          "dimensions": "158.4 x 78.1 x 7.5 mm",
          "displayResolution": "1080 x 1920 pixels",
          "displaySize": "5.5\\"",
          "displayType": "LED-backlit IPS LCD, capacitive touchscreen, 16M colors",
          "internalMemory": "256 GB",
          "name": "Apple iPhone 8 Plus",
          "os": "iOS 11",
          "photo": "/img/apple_iphone_8_plus.jpg",
          "price": 700,
          "ram": "3 GB",
          "weight": "202 g",
        },
      }
    }
    key="Apple iPhone 8 Plus"
  />
  <Product
    item={
      Object {
        "info": Object {
          "batery": "Non-removable Li-Po 3300 mAh battery",
          "camera": "Dual: 13 MP (f/1.8, 1/3\\", 1.12 µm, 3-axis OIS, PDAF) + 13 MP(f / 2.4, no AF)",
          "color": "Ice Platinum",
          "cpu": "Quad-core (2x2.35 GHz Kryo & 2x1.6 GHz Kryo)",
          "dimensions": "148.9 x 71.9 x 7.9 mm",
          "displayResolution": "1440 x 2880 pixels",
          "displaySize": "5.8\\"",
          "displayType": "IPS LCD capacitive touchscreen, 16M colors",
          "internalMemory": "128 GB",
          "name": "LG G6",
          "os": "Android 7.0 (Nougat)",
          "photo": "/img/lg_g6.jpg",
          "price": 800,
          "ram": "4 GB",
          "weight": "163 g",
        },
      }
    }
    key="LG G6"
  />
  <Product
    item={
      Object {
        "info": Object {
          "batery": "Non-removable Li-Ion 3000 mAh battery",
          "camera": "12 MP (f/1.7, 26mm, 1/2.5\\", 1.4 µm, Dual Pixel PDAF), phase detection autofocus, OIS",
          "color": "Midnight Black",
          "cpu": "Octa-core (4x2.3 GHz & 4x1.7 GHz) - EMEA",
          "dimensions": "148.9 x 68.1 x 8 mm",
          "displayResolution": "1440 x 2960 pixels",
          "displaySize": "5.8\\"",
          "displayType": "Super AMOLED capacitive touchscreen, 16M colors",
          "internalMemory": "64 GB",
          "name": "Samsung Galaxy S8",
          "os": "Android 7.0 (Nougat)",
          "photo": "/img/samsung_galaxy_s8.jpg",
          "price": 720,
          "ram": "4 GB",
          "weight": "155 g",
        },
      }
    }
    key="Samsung Galaxy S8"
  />
</div>
`;
