// Jest Snapshot v1, https://goo.gl/fbAQLP

exports[`<RegisterModal /> renders RegisterModal correctly 1`] = `
<Modal
  ariaHideApp={true}
  bodyOpenClassName="ReactModal__Body--open"
  className="register-modal"
  closeTimeoutMS={0}
  isOpen={false}
  parentSelector={[Function]}
  portalClassName="ReactModalPortal"
  shouldCloseOnEsc={true}
  shouldCloseOnOverlayClick={true}
  shouldFocusAfterRender={true}
  shouldReturnFocusAfterClose={true}
>
  <form
    action="/auth/register"
    className="form"
    method="POST"
  >
    <h1>
      Register
    </h1>
    <TextField
      autoFocus={true}
      disabled={false}
      floatingLabelFixed={false}
      floatingLabelText="Username"
      fullWidth={false}
      hintText="Enter Username"
      multiLine={false}
      name="username"
      rows={1}
      type="text"
      underlineShow={true}
    />
    <br />
    <TextField
      disabled={false}
      floatingLabelFixed={false}
      floatingLabelText="Password"
      fullWidth={false}
      hintText="Enter Password"
      multiLine={false}
      name="password"
      rows={1}
      type="password"
      underlineShow={true}
    />
    <br />
    <TextField
      disabled={false}
      floatingLabelFixed={false}
      floatingLabelText="E-mail"
      fullWidth={false}
      hintText="Enter E-mail"
      multiLine={false}
      name="email"
      rows={1}
      type="text"
      underlineShow={true}
    />
    <br />
    <TextField
      disabled={false}
      floatingLabelFixed={false}
      floatingLabelText="Address"
      fullWidth={false}
      hintText="Enter Address"
      multiLine={false}
      name="address"
      rows={1}
      type="text"
      underlineShow={true}
    />
    <br />
    <TextField
      disabled={false}
      floatingLabelFixed={false}
      floatingLabelText="Telephone Number"
      fullWidth={false}
      hintText="Enter Telephone Number"
      multiLine={false}
      name="phone"
      rows={1}
      type="text"
      underlineShow={true}
    />
    <br />
    <RaisedButton
      className="btn"
      disabled={false}
      fullWidth={false}
      label="Submit"
      labelPosition="after"
      primary={true}
      secondary={false}
      type="submit"
    />
    <p>
      Already have an account? 
      <a>
        Login here
      </a>
      .
    </p>
  </form>
</Modal>
`;
